// Jest Snapshot v1, https://goo.gl/fbAQLP

exports[`Popup matches snapshot 1`] = `
<div>
  <div
    class="popup "
  >
    <div>
      <div />
    </div>
  </div>
</div>
`;
