// Jest Snapshot v1, https://goo.gl/fbAQLP

exports[`Layout matches snapshot 1`] = `
<div>
  <div
    class="layout"
  >
    <header
      class="header"
    >
      <div
        class="contents"
      >
        <div
          class="logo_container"
        >
          <a
            href="/"
          >
            traffickr
          </a>
        </div>
        <nav
          class="navigation"
        >
          <ul>
            <li>
              <a
                href="/#about"
              >
                서비스 소개
              </a>
            </li>
            <li>
              <button>
                <p>
                  로그인
                </p>
              </button>
            </li>
            <li>
              <button
                class="round_link"
              >
                <p>
                  지금 시작하기
                </p>
              </button>
            </li>
          </ul>
        </nav>
      </div>
    </header>
    <main
      class="main"
    >
      <div />
    </main>
    <div />
    <footer
      class="footer"
    >
      <div
        class="contents"
      >
        <p
          class="copyright"
        >
          Copyright 2021 traffickr. All rights reserved
        </p>
      </div>
    </footer>
  </div>
</div>
`;
