// Jest Snapshot v1, https://goo.gl/fbAQLP

exports[`TextInput matches snapshot 1`] = `
<div>
  <div
    class="text_input "
  >
    <input
      value="test"
    />
  </div>
</div>
`;
