// Jest Snapshot v1, https://goo.gl/fbAQLP

exports[`DashboardContainer matches snapshot 1`] = `
<div>
  <div>
    <div
      class="profile_background"
    />
    <div
      class="profile_contents"
    >
      <div
        class="profile_image"
      >
        이미지
      </div>
      <h2
        class="name"
      >
        이재하
      </h2>
      <p
        class="description"
      >
        매일매일 성장하는 호박너구리
      </p>
    </div>
    <ul
      class="tabs"
    >
      <li>
        <button
          class="selected"
        >
          내 설문
        </button>
      </li>
      <li>
        <button
          class=""
        >
          내 답변
        </button>
      </li>
    </ul>
    <div
      class="contents"
    >
      <div
        class="DashboardMySurvey"
      >
        <div
          class="contents"
        >
          <button>
            <div
              class="SurveyBox survey_box"
            >
              <h3
                class="title"
              >
                예시 제목
              </h3>
              <div
                class="info_row"
              >
                <p
                  class="item_length"
                >
                  총 
                  1
                  문항
                </p>
              </div>
            </div>
          </button>
        </div>
      </div>
    </div>
  </div>
</div>
`;
