// Jest Snapshot v1, https://goo.gl/fbAQLP

exports[`SignUpPopup matches snapshot 1`] = `<div />`;
